# validate-test-file-reachability baseline — Research Lab
#
# `tests/*.mjs` files that NO declared verification glob selects, so no
# command this repository declares ever runs them. Frozen so the guard can
# fail on NEW orphans while this pre-existing set is paid down.
#
# Keyed on the FILE path. A file added to a suffix family already listed
# here still FAILS unless its own path is listed — the debt is the file,
# not the family, so a frozen family cannot absorb new work silently.
#
# THIS LIST MUST SHRINK, NEVER GROW. Every entry is paid down by one of:
#   - declare a glob that selects it in a real verification command, or
#   - fold its assertions into a suite a declared glob already selects, or
#   - delete it, if the coverage it claims is not wanted
#
# A baseline entry that is no longer orphaned is reported as STALE and the
# run still exits 0. Remove it. Do NOT regenerate the baseline to silence a
# genuine new finding.
#
# Regenerate ONLY when deliberately accepting the current set:
#   node scripts/validate-test-file-reachability.mjs --update-baseline
#
# There is no --skip / --force / --ignore / --bypass flag and there never
# will be. A bypass-shaped flag exits non-zero.
#
# FROZEN: 48 orphan(s) of 180 test file(s), against
# 6 declared glob(s), on 2026-08-20.
#
# PRUNED 2026-08-20: 22 entries removed after the guard reported each of them
# STALE. 20 are `.functional.mjs`, now selected by the declared glob
# `tests/*.functional.mjs`; 2 are `.integration.mjs`, now selected by the
# declared glob `tests/*.integration.mjs`. 48 -> 26. Shrink only; no entry was
# added, and no entry was removed that the guard had not first reported stale.
#
# PRUNED 2026-08-27: 24 entries removed after the guard reported each of them
# STALE. 20 are now selected by the declared glob `tests/*.unit.mjs` (19
# `.unit.mjs` plus 1 `.contracts.unit.mjs`); 2 by `tests/*.security.mjs`; 1 by
# `tests/*.load.mjs`; 1 by `tests/*.stress.mjs`. 26 -> 2. Shrink only; no entry
# was added, and no entry was removed that the guard had not first reported
# stale.
#
# ---- unreachable suffix families -----------------------------------------
#      1 | .canary.mjs
#      1 | .mjs
#
# ---- frozen files (LC_ALL=C sorted) --------------------------------------

tests/market-action-consumer-trace.mjs
tests/recommendation-track-record.canary.mjs
